Log file: C:\Users\Michael\AppData\Local\UnrealBuildTool\Log.txt
Determining max actions to execute in parallel (12 physical cores, 20 logical cores)
  Executing up to 12 processes, one per physical core
Using 'git status' to determine working set for adaptive non-unity build (D:\goblinRaid).
UbaSessionServer - Failed to delete directory C:\ProgramData\Epic\UnrealBuildAccelerator\sessions\260719_142723\log (Access is denied.)
UbaSessionServer - Failed to delete directory C:\ProgramData\Epic\UnrealBuildAccelerator\sessions\260719_142723\temp (Access is denied.)
UbaSessionServer - Failed to delete directory C:\ProgramData\Epic\UnrealBuildAccelerator\sessions\260719_165320\log (Access is denied.)
UbaSessionServer - Failed to delete directory C:\ProgramData\Epic\UnrealBuildAccelerator\sessions\260719_165320\temp (Access is denied.)
UbaSessionServer - Failed to delete directory C:\ProgramData\Epic\UnrealBuildAccelerator\sessions\260719_171657\log (Access is denied.)
UbaSessionServer - Failed to delete directory C:\ProgramData\Epic\UnrealBuildAccelerator\sessions\260719_171657\temp (Access is denied.)
UbaSessionServer - Failed to delete directory C:\ProgramData\Epic\UnrealBuildAccelerator\sessions\260719_173609\log (Access is denied.)
UbaSessionServer - Failed to delete directory C:\ProgramData\Epic\UnrealBuildAccelerator\sessions\260719_173609\temp (Access is denied.)
UbaStorageServer - Previous run was not gracefully shutdown. Reparsing cas directory C:\ProgramData\Epic\UnrealBuildAccelerator\cas\ to check for added/missing/corrupt files (Saved 2026-07-20 11:19:53)
UbaStorageServer - Validated storage (size 0b) in <1ms
UbaStorageServer - Can't move file from C:\ProgramData\Epic\UnrealBuildAccelerator\cas\casdb.tmp to C:\ProgramData\Epic\UnrealBuildAccelerator\cas\casdb (Access is denied.)
UbaServer - Listening on 0.0.0.0:1345
UHT compiled-in object format Default
UHT processed MyProjectEditor in 30.1880518 seconds (3 generated files written)
Building MyProjectEditor...
===== Toolchain Information =====
Using ISPC compiler (D:\Epic Games\UE_5.8\Engine\Source\ThirdParty\Intel\ISPC\bin\Windows\ispc.exe)
  Intel(r) Implicit SPMD Program Compiler (Intel(r) ISPC), 1.24.0 (build commit  @ 20250404, LLVM 18.1.2) 
Using Visual Studio 14.50.35737 toolchain (C:\Program Files\Microsoft Visual Studio\18\Community\VC\Tools\MSVC\14.50.35717) and Windows 10.0.22621.0 SDK (C:\Program Files (x86)\Windows Kits\10).
=================================
Using Unreal Build Accelerator local executor to run 4 action(s)
  CPU 12 physical cores, 20 logical cores
  Memory 31.86 GB physical, 30.93 GB/73.86 GB committed
  UBA Storage capacity 40 GB
[1/4] Compile [x64] Module.GoblinSiege.cpp
D:\goblinRaid\GoblinSiege 5.8\Source\GoblinSiege\Weapons\Abilities\GSGA_Block.cpp(24,2): warning C4996: 'UGameplayAbility::AbilityTags': Use GetAssetTags(). This is being made non-mutable, private and renamed to AssetTags in the future. Use SetAssetTags to set defaults (in constructor only). - Please update your code to the new API before upgrading to the next release, otherwise your project will no longer compile.
	AbilityTags.AddTag(GSTags::State_Blocking);
	^
[2/4] Link [x64] UnrealEditor-GoblinSiege.lib
[3/4] Link [x64] UnrealEditor-GoblinSiege.dll
[4/4] WriteMetadata MyProjectEditor.target [NoUba]

UbaSessionServer - ERROR opening file C:\ProgramData\Epic\UnrealBuildAccelerator\memgroups for write after retrying for 20 seconds (Access is denied.)
Total time in Unreal Build Accelerator local executor: 286.73 seconds
Output binary: D:\Epic Games\UE_5.8\Engine\Binaries\Win64\UnrealEditor.exe
UbaStorageServer - Can't move file from C:\ProgramData\Epic\UnrealBuildAccelerator\cas\casdb.tmp to C:\ProgramData\Epic\UnrealBuildAccelerator\cas\casdb (Access is denied.)

Result: Succeeded
Total execution time: 342.97 seconds
Trace written to file C:\Users\Michael\AppData\Local\UnrealBuildTool\Trace.uba with size 34.9kb
EXITCODE=0 
