credentials: loaded from D:\goblinRaid\GoblinSiege 5.8\.env
knowledge base: 95 chunks from 5 documents (15490 indexed terms)

=== barks: NPC bark sheet — livestock & stealth extension pass ===
  retrieved 18 chunks from 7 queries
  generated 18 rows
  critic: Sixteen of eighteen rows are clean: the doze-timer, coin-toss greed, startled-flock noise event, corpse-to-Suspicious rule, 1.5s sighting confirm, soft-signal decay back to Quiet, the missing-patrol ambient tell, the archer's losing-fight horn wind-up, the +30 fouled well disabling the bucket brigade, and the RAZED empty-routines punchline all sit correctly on canon, and the register holds — disbelief and strained denial rather than fear, with the Tier-1 goofiness intact. Two grounded problems: Barks_08 keeps a second corpse in a sustained Suspicious state when canon escalates a second soft signal straight to RAID (and puts a militia in the hamlet before the barracks is producing them), and Barks_12 miscounts the forest patrol as three men when the horn-carrying archer is female. Corrections supplied preserve both triggers and both jokes.
  round 1: 2 finding(s) -> revising
  transient RemoteProtocolError; retry 1/3 in 2s
  critic: Eighteen rows reviewed against §2.1, §2.4, §2.6, §2.7 and §2.10. Alarm-state plumbing is accurate throughout: corpse-discovered stops at Suspicious (row 7), a second soft signal escalates straight to RAID mid-denial (row 8), confirmed sighting lands at Suspicious (row 9), decay-to-Quiet and the missing-patrol mutter are voiced as ambient tells rather than HUD timers (rows 10, 12), and the patrol archer only winds up the horn once the patrol is losing (row 13). Livestock, coin toss, statue propaganda, the +30 well fouling and the killed-or-bound equivalence at RAZED all match canon, and the register stays in comic denial rather than grimdark — including row 18, which is the punchline landing on the people telling it, exactly as §2.10 prescribes. One genuine break: row 15 stages the bucket brigade passing fouled water, a behaviour that cannot exist because fouling the well permanently kills the brigade; the corrected line keeps the form-up trigger and the RAID urgency without inventing the state.
  round 2: 1 finding(s) -> revising
  transient RemoteProtocolError; retry 1/3 in 2s
  critic: No groundable violations found in this pass — 18 rows checked against the retrieved canon and all clear.

Lore checks that passed: corpse discovery routing only to SUSPICIOUS (row 07) and a second soft signal escalating straight to RAID (row 08) both match GDD§2.6#1; the soft-signal decay back to QUIET with no HUD timer (rows 10–11) and the ambient patrol-overdue mutter naming the expected waypoint (row 12) match GDD§2.6#1/§3.4#0; the patrol archer sounding the horn only once the patrol is losing, on a committed interruptible wind-up (row 13), matches GDD§2.1#1; well-fouling as the +30 permanent bucket-brigade kill (rows 14–16) matches GDD§2.6#3; sighting-confirmed landing in SUSPICIOUS (row 09) matches GDD§2.4#0; the startled flock pulling the nearest guard to investigate (rows 05–06) matches GDD§2.7#1; the coin toss working on guards and civilians alike (rows 03–04) matches GDD§2.4#1; the king-statue propaganda (rows 01, 04) matches GDD§2.10#0. No wrong score values, no stale class or settlement names, no palisade-era or post-slice content, no controls asserted.

Tone/register: all rows sit in comic satire and strained denial, and the RAZED beats (rows 17–18) are the explicitly sanctioned "punchline finally landing on the people telling it" from GDD§2.10#1 rather than grimdark drift. Every line is deliverable as a single bark; none carry stage directions or exposition.

Borderline items deliberately passed, not flagged: row 06 paraphrases the GDD's reference bark ("In my pen?" for "Here?") without changing its meaning; row 15 has a Militia calling the bucket line, which GDD§2.6#3 does not forbid even though it names civilians as the ones who join; row 18's wistfulness is the canon strain beat, not solemnity.
  round 3: clean
  wrote barks.csv, barks.trace.json, barks.trace.md

=== whispers: His Eternal Darkness — whisper and verdict lines ===
  retrieved 18 chunks from 7 queries
  generated 14 rows
  transient RemoteProtocolError; retry 1/3 in 2s
  critic: Thirteen of fourteen rows hold. Clock nudges match the 10/5/2 cadence and the direction-then-destination escalation of §2.2; the granary and field first-time barks match the §2.8 module descriptions (guards thickest at the core, row-to-row field spread) and the §2.8 dismissible-prompt system; the loot, pig, strongbox and prisoner milestones all respect the loot-banks-on-arrival-at-the-stones rule (§1, §2.7) and the badger/denial joke (§2.10); "None Left Behind" is used correctly as marched-home-alive (§2.9); the wipe verdict's 25%-of-unbanked-deeds and 5-lives figures are correct (§2.2). One finding: the rich-no-captives verdict swaps the canon's "no proof they remember us" contrast for an implied body count, which is both off-register for Tier 1's mocking Overlord and corrosive to the denial gag that needs live villagers. Correction supplied keeps the trigger, the itemized brag, and the canonical rats closer.
  round 1: 1 finding(s) -> revising
  critic: Reviewed 14 rows against GDD §1, §2.1, §2.2, §2.6–2.10 and §3.1/§3.2. Canon-facing details check out: the 10/5/2-minute whisper cadence (§2.2), loot and rope-chained prisoners banking permanently on reaching the stones (§1, §2.7), the strongbox as a smashed-lid destructible (§2.7), "None Left Behind" as every civilian marched home alive (§2.9), the 5-life wipe keeping 25% of unbanked deeds while stone-side loot survives (§2.2), the badger-denial joke and its escalating strain (§2.10), and the capture-heavy verdict flavor the GDD explicitly asks for (§2.10). Tone stays inside Tier 1's mocking-not-mourning register throughout — the pig line's apocalyptic gravitas over petty theft is exactly §2.10#0. One finding: the "merely rich" verdict overpacks the canonical rats stinger and repeats "adequate" three times, which breaks it as a single deliverable bark. Everything else passes.
  round 2: 1 finding(s) -> revising
  transient RemoteProtocolError; retry 1/3 in 2s
  critic: Reviewed all 14 draft rows (3 clock nudges, 2 objective first-time barks, 6 milestone whispers, 3 verdicts) against the retrieved canon. No groundable findings.

Facts checked and cleared: the 10/5/2 nudge shape and its escalation from check-in → direction → pointing you there outright (GDD§2.2#0); the granary sitting where guards are thickest and the field's row-to-row spread as the hardest fire to douse (GDD§2.8#1, GDD§2.8#2); bucket lines as the town's answer (GDD§2.6#3); loot and rope-chained prisoners banking permanently on delivery to the stones, wipe-proof (GDD§1#1, GDD§2.7#3); the strongbox as a smashed-lid destructible in the market core (GDD§2.7#3, GDD§3.2#1); "None Left Behind" +40 for every civilian marched home alive (GDD§2.9#0); 5 lives and 25% of unbanked deeds on a wipe (GDD§2.2#0); Groatsworth as the county and the unnamed hamlet (GDD§1#0).

Register checked and cleared: every line is deliverable as a single bark or HUD line — no stage directions, no exposition a voice wouldn't say. Tone sits in Tier 1's goofy band (GDD§2.10#2/#3): apocalyptic gravitas over pig theft ("Behold — a pig… Tremble, Groatsworth"), denial as the joke ("They will blame the badger for that too", "explain THAT with a badger"), and mockery over mourning. The two win verdicts correctly split on prisoners-versus-merely-rich, with "proof they remember us" on the capture branch and the canonical rats crack kept for the rich branch (GDD§2.10#1, GDD§2.1#1), and "…adequate" lands once as the trailing sigh in each.

Borderline items I deliberately passed rather than inflate: (a) "corpse pile" in Whispers_12 is blunter than the rest of the set but is a direct paraphrase of canon's "the tribute His Eternal Darkness actually wants — not a body count" (GDD§2.6#3), so it is in register, not grimdark; (b) Whispers_06/10/14 name only the stones, though loot and prisoners also bank permanently at the Warren (GDD§2.6#3) — the stones are the Overlord's own idiom and the lines don't deny the Warren, so this is imprecision, not contradiction; (c) the "Stage1" segment in the granary/field trigger ids echoes windmill-only two-stage vocabulary (GDD§2.8#1), but no player-facing line claims those objectives are staged, so there is nothing to correct in the delivered text.
  round 3: clean
  wrote whispers.csv, whispers.trace.json, whispers.trace.md

=== prompts: Tutorial hamlet — first-time prompt rows ===
  retrieved 18 chunks from 8 queries
  generated 9 rows
  transient RemoteProtocolError; retry 1/3 in 2s
  critic: Nine rows reviewed against the retrieved canon. Numbers, controls and mechanics check out throughout: three burn targets opening the portal (§1, §2.1), field fire spreading row to row (§2.1, §2.8), the windmill's two visible stages and aimed window throw (§2.8), the ~1.5s sighting confirm and First Spark Unseen (§2.4), the petty 5-point civilian kill versus the bind/rope-chain tribute (§2.6, §2.7), the pig's 40 loot points and permanent banking at the stones (§2.7), horn values of 3–4 per blast / 10 active / 20 pool on G (§2.5, §2.3), and Point as the one context command whose courier rejoins the summonable pool (§2.5, §2.7). Overlord barks stay in the pompous, comically underwhelmed register — no grimdark or generic-orc menace found, and no post-slice content (Warren, generator, higher tiers, unshipped classes) treated as present. One real finding: the takedown prompt overpromises silence by claiming no alarm is raised, which contradicts the corpse-suspicion rule; corrected inline while keeping the trigger, payoff and Hold E control intact.
  round 1: 1 finding(s) -> revising
  critic: Nine tutorial first-sight prompt rows reviewed against §1, §2.1, §2.3–§2.8. All mechanical numbers and controls check out and are canon-accurate: three burn targets opening the portal (§1), torch toss on Q and horn on G (§2.3), the granary in the guarded village core and field fire spreading row to row (§2.8#2, §2.1#1), the windmill's two visible stages — frame-touch Ablaze then aimed window throw into the grain dust (§2.8#2), the ~1.5s sighting confirm and First Spark Unseen (§2.4), takedown-vs-bind on unarmed civilians with the petty 5-point kill baseline (§2.4#1, §2.6#2), pig at 40 loot points banking permanently at the runic site (§2.7#0), horn at 3–4 per blast / 10 active / 20-pool with no confusion against the humans' 15-pool (§2.5#0, §2.6#1), and Point couriering cargo home before the goblin rejoins the summonable pool (§2.5#0, §2.7#3). Two findings only: the war-horn bark drifts from wry Overlord regret into grave admonition, and the bind HUD line is overstuffed past the one-line prompt format. Everything else passes.
  round 2: 2 finding(s) -> revising
  transient RemoteProtocolError; retry 1/3 in 2s
  critic: Nine first-time prompt rows reviewed against §1, §2.1, §2.4–§2.8. Canon facts check out and were deliberately not flagged: three burn targets opening the portal (GDD§1#1), granary in the guarded village core and field fire spreading row to row 'for a mile' (GDD§2.8#2, GDD§2.1#1), the ~1.5s sighting confirm and First Spark Unseen (GDD§2.4#1, GDD§2.4#2), hold-E takedown on an unaware human and corpses talking (GDD§2.4#1), bind as a longer channel banking at the stones versus the petty 5-point kill (GDD§2.6#2, GDD§2.7#3), pig at 40 loot points banking permanently at the runic site (GDD§2.7#0), horn at 3–4 per blast / 10 active / pool of 20 ending the quiet half (GDD§2.5#0), and the single Point context command with couriers rejoining the summonable pool (GDD§2.5#0, GDD§2.7#2). Controls (Q, aimed Q, Crouch, Hold E, G, Point) all match the universal kit in GDD§2.3#1. Overlord barks sit in register — pompously underwhelmed, proprietary about tribute, no grimdark menace — including 'forty points with trotters,' which echoes 'its wealth has trotters.' Two findings, both structural rather than factual: the windmill and courier HUD lines exceed the one-line prompt contract, and the windmill line additionally preempts the separate Stage-1 Ablaze prompt.
  round 3: 2 finding(s) UNRESOLVED after 2 revisions — see trace
  wrote prompts.csv, prompts.trace.json, prompts.trace.md

done in 1273s — 18 calls, 313,180 in / 83,634 out tokens
PYTHON_EXIT=0
