credentials: loaded from D:\goblinRaid\GoblinSiege 5.8\.env
knowledge base: 95 chunks from 5 documents (15490 indexed terms)

=== barks: NPC bark sheet — livestock & stealth extension pass ===
  retrieved 18 chunks from 7 queries
  generated 18 rows
  critic: Reviewed 18 rows against retrieved GDD canon. Sixteen pass: the alarm-phase mapping is correct throughout (single soft signal → SUSPICIOUS with nearest-guard investigation and the watchman actually watching; corpse sighting capped at SUSPICIOUS per the propaganda rule; bell/RAID and RAZED beats sit where they should), the counterplay payoffs (fouled well permanently killing the bucket brigade, bucket lines at the well, civilians looting their own stalls as a stretch behavior) are accurate, the two-chickens-one-under-each-arm carry and the archer's committed horn wind-up on a losing patrol fight are canon-clean, and the register holds — comic satire and strained denial, no grimdark, no Overlord lines to check, no rows that exceed one spoken bark. Two findings, both numeric/roster detail rather than tone: the patrol check-in bark sets an hourly cadence against the canon 5–7-minute patrol rhythm (and thereby undercuts its own note), and the pen-chores bark applies shearing day to the chicken flock rather than the sheep. Corrections supplied preserve each row's trigger and comedic intent.
  round 1: 2 finding(s) -> revising
  transient RemoteProtocolError; retry 1/3 in 2s
  critic: Reviewed 18 rows of the livestock & stealth bark pass. The sheet is broadly canon-clean: livestock composition (chickens/sheep/pigs), the startled-flock noise event pulling the nearest guard, the two-chickens-one-under-each-arm carry, the coin toss as greed-exploit, corpse sighting capping at SUSPICIOUS, the uncorroborated-signal decay back to QUIET, the horn as a losing-fight interruptible wind-up, the fouled-well bucket-brigade kill, bucket lines at the well, the propaganda statue, and the RAZED stall-looting stretch behavior all match §2.4, §2.6, §2.7 and §2.10. Register holds at comic satire and strained denial throughout, with the denial cracking at RAID and breaking at RAZED as §2.10 asks, and no line exceeds one spoken bark. One finding: the patrol check-in bark misstates the 5–7-minute waypoint cadence as 'the half hour', which muddies the very signal its note claims to establish; corrected in place while keeping the check-in trigger and the lazy-guard beat.
  round 2: 1 finding(s) -> revising
  wrote barks.csv, barks.trace.json, barks.trace.md

=== whispers: His Eternal Darkness — whisper and verdict lines ===
  retrieved 18 chunks from 7 queries
  generated 14 rows
  critic: Thirteen of fourteen rows check out against canon. Numbers are clean: 5 lives and the 25% unbanked-deeds salvage (§2.2), the 0:00-plus-90-second collapse, the 10/5/2 nudge cadence, chicken/pig as loot-kind steals, and the +40 "None Left Behind" trigger all match. Placement is clean: granary in the guarded village core, field fire spreading row to row, bucket lines at the well, the stones flaring open on the last of three burns, loot banking permanently on reaching the stones. Register is clean: tier-1 mockery over mourning throughout, the badger denial escalating rather than curdling into grimdark, and the capture verdict correctly taking the "proof they remember us. …adequate" flavor while the rich-only verdict keeps the rats crack — the split §2.10 explicitly asks for. Every line is deliverable as one bark or HUD line; the wipe verdict is the longest but still sits inside an end-screen whisper's budget. The single finding is a precision break: the None Left Behind whisper claims the whole hamlet rather than the hamlet's civilians, overstating a capability the slice doesn't grant (only civilians can be bound and walked home).
  round 1: 1 finding(s) -> revising
  critic: Reviewed all 14 rows against retrieved canon. One finding: the 5-minute clock nudge (Whispers_02) hangs its direction on smoke drift, a cue the slice's authored wayfinding does not provide (§2.8#3, §2.1#1); corrected to use the road-and-landmark cues that do exist, keeping the trigger and the taunt. Everything else checks out: 10/5/2 nudge cadence, 30-minute clock plus 90-second collapse, 5 lives, 25% unbanked-deed salvage, loot banking permanently the moment it reaches the stones, prisoners as loot that walks itself, 'None Left Behind' as every civilian marched home alive, the one-of-each granary/field/mill layout, and the granary sitting where the guards are thickest are all stated correctly. Tone reads as tier-1 mockery rather than mourning throughout: the badger denial joke lands twice without repeating itself, the pig milestone applies apocalyptic gravitas to livestock theft per §2.10#0, and the capture-heavy verdict correctly withholds the rats crack while the merely-rich verdict keeps it, exactly as §2.10#1 asks. Whispers_08's prisoner line is earnest but is sanctioned by §2.6's 'tribute His Eternal Darkness actually wants' and §2.10's 'proof they remember us' — not flagged. All lines are deliverable as single barks or end-screen verdicts; no register drift found.
  round 2: 1 finding(s) -> revising
  wrote whispers.csv, whispers.trace.json, whispers.trace.md

=== prompts: Tutorial hamlet — first-time prompt rows ===
  retrieved 18 chunks from 8 queries
  generated 9 rows
  critic: Nine tutorial prompt rows reviewed against §1, §2.1, §2.3–§2.8. Register and Overlord tone are on-model throughout — the barks stay pompously underwhelmed ("In this county that passes for a personality", "Their wealth has trotters") and every HUD line is a single deliverable line naming objective, payoff, and one control. Numbers and controls check out: Q torch toss, aimed window throw for Stage 2, hold-E takedown and longer bind channel, civilian kill at 5 points, live pig at 40 loot points banking on arrival at the runic site, the second-soft-signal → RAID escalation, and the verbatim canon Windmill-Ablaze bark. Two findings, both stealth-teaching overclaims: the patrol prompt tells the player an unconfirmed look leaves the hamlet QUIET (a half-confirmed goblin is a soft signal), and the takedown prompt promises "no witness" when corpses talk in this slice. Both corrections keep the trigger, control, and comic register intact.
  round 1: 2 finding(s) -> revising
  critic: Nine tutorial prompt rows reviewed against §§1, 2.1, 2.3–2.8. Two grounded findings, both LORE_BREAK. Row 05 misstates the crouch-and-confirm core: it tells the player a sub-1.5s (half) look still files a SUSPICIOUS signal, whereas §2.4 is explicit that breaking the look before the confirm lands means you were never there — this is a never-cut core rule and the prompt teaching it wrong is the most serious issue in the batch. Row 04 compresses the windmill's two-stage set piece, presenting the window shot as instantly detonating the mill rather than starting Stage 2 — Detonation, which erases the exact legibility the revision was made to add (the bark itself is the verbatim canon line and is correct). Everything else checks out: 5-point petty civilian kill, 40-point live pig, permanent loot banking at the runic site, three-objective burn structure, Q torch toss, hold-E takedown and the longer bind channel, rope-chain prisoners, and the soft-signal decay/second-signal-to-RAID rule are all consistent with canon. No post-slice content (Warren-only banking, Brute/Shaman, palisade breach, procedural generator) is treated as shipped, no stale race-brief names appear, and all nine Overlord barks stay in the pompously-underwhelmed comic register — no tone or register findings raised.
  round 2: 2 finding(s) -> revising
  wrote prompts.csv, prompts.trace.json, prompts.trace.md

done in 957s — 15 calls, 262,982 in / 74,795 out tokens
